Archive member included to satisfy reference by file (symbol)

/Applications/Simplicity Studio.app/Contents/Eclipse/developer/toolchains/gnu_arm/12.2.rel1_2023.7/bin/../lib/gcc/arm-none-eabi/12.2.1/thumb/v7-m/nofp/libgcc.a(_aeabi_ldivmod.o)
                              ./gecko_sdk_4.4.5/platform/service/sleeptimer/src/sl_sleeptimer.o (__aeabi_ldivmod)
/Applications/Simplicity Studio.app/Contents/Eclipse/developer/toolchains/gnu_arm/12.2.rel1_2023.7/bin/../lib/gcc/arm-none-eabi/12.2.1/thumb/v7-m/nofp/libgcc.a(_aeabi_uldivmod.o)
                              ./gecko_sdk_4.4.5/platform/service/sleeptimer/src/sl_sleeptimer.o (__aeabi_uldivmod)
/Applications/Simplicity Studio.app/Contents/Eclipse/developer/toolchains/gnu_arm/12.2.rel1_2023.7/bin/../lib/gcc/arm-none-eabi/12.2.1/thumb/v7-m/nofp/libgcc.a(_udivmoddi4.o)
                              /Applications/Simplicity Studio.app/Contents/Eclipse/developer/toolchains/gnu_arm/12.2.rel1_2023.7/bin/../lib/gcc/arm-none-eabi/12.2.1/thumb/v7-m/nofp/libgcc.a(_aeabi_ldivmod.o) (__udivmoddi4)
/Applications/Simplicity Studio.app/Contents/Eclipse/developer/toolchains/gnu_arm/12.2.rel1_2023.7/bin/../lib/gcc/arm-none-eabi/12.2.1/thumb/v7-m/nofp/libgcc.a(_dvmd_tls.o)
                              /Applications/Simplicity Studio.app/Contents/Eclipse/developer/toolchains/gnu_arm/12.2.rel1_2023.7/bin/../lib/gcc/arm-none-eabi/12.2.1/thumb/v7-m/nofp/libgcc.a(_aeabi_ldivmod.o) (__aeabi_ldiv0)
/Applications/Simplicity Studio.app/Contents/Eclipse/developer/toolchains/gnu_arm/12.2.rel1_2023.7/bin/../lib/gcc/arm-none-eabi/12.2.1/../../../../arm-none-eabi/lib/thumb/v7-m/nofp/libc_nano.a(libc_a-exit.o)
                              /Applications/Simplicity Studio.app/Contents/Eclipse/developer/toolchains/gnu_arm/12.2.rel1_2023.7/bin/../lib/gcc/arm-none-eabi/12.2.1/../../../../arm-none-eabi/lib/thumb/v7-m/nofp/crt0.o (exit)
/Applications/Simplicity Studio.app/Contents/Eclipse/developer/toolchains/gnu_arm/12.2.rel1_2023.7/bin/../lib/gcc/arm-none-eabi/12.2.1/../../../../arm-none-eabi/lib/thumb/v7-m/nofp/libc_nano.a(libc_a-findfp.o)
                              /Applications/Simplicity Studio.app/Contents/Eclipse/developer/toolchains/gnu_arm/12.2.rel1_2023.7/bin/../lib/gcc/arm-none-eabi/12.2.1/../../../../arm-none-eabi/lib/thumb/v7-m/nofp/libc_nano.a(libc_a-exit.o) (__stdio_exit_handler)
/Applications/Simplicity Studio.app/Contents/Eclipse/developer/toolchains/gnu_arm/12.2.rel1_2023.7/bin/../lib/gcc/arm-none-eabi/12.2.1/../../../../arm-none-eabi/lib/thumb/v7-m/nofp/libc_nano.a(libc_a-fwalk.o)
                              /Applications/Simplicity Studio.app/Contents/Eclipse/developer/toolchains/gnu_arm/12.2.rel1_2023.7/bin/../lib/gcc/arm-none-eabi/12.2.1/../../../../arm-none-eabi/lib/thumb/v7-m/nofp/libc_nano.a(libc_a-findfp.o) (_fwalk_sglue)
/Applications/Simplicity Studio.app/Contents/Eclipse/developer/toolchains/gnu_arm/12.2.rel1_2023.7/bin/../lib/gcc/arm-none-eabi/12.2.1/../../../../arm-none-eabi/lib/thumb/v7-m/nofp/libc_nano.a(libc_a-memset.o)
                              /Applications/Simplicity Studio.app/Contents/Eclipse/developer/toolchains/gnu_arm/12.2.rel1_2023.7/bin/../lib/gcc/arm-none-eabi/12.2.1/../../../../arm-none-eabi/lib/thumb/v7-m/nofp/crt0.o (memset)
/Applications/Simplicity Studio.app/Contents/Eclipse/developer/toolchains/gnu_arm/12.2.rel1_2023.7/bin/../lib/gcc/arm-none-eabi/12.2.1/../../../../arm-none-eabi/lib/thumb/v7-m/nofp/libc_nano.a(libc_a-impure.o)
                              /Applications/Simplicity Studio.app/Contents/Eclipse/developer/toolchains/gnu_arm/12.2.rel1_2023.7/bin/../lib/gcc/arm-none-eabi/12.2.1/../../../../arm-none-eabi/lib/thumb/v7-m/nofp/libc_nano.a(libc_a-findfp.o) (_impure_data)
/Applications/Simplicity Studio.app/Contents/Eclipse/developer/toolchains/gnu_arm/12.2.rel1_2023.7/bin/../lib/gcc/arm-none-eabi/12.2.1/../../../../arm-none-eabi/lib/thumb/v7-m/nofp/libc_nano.a(libc_a-init.o)
                              /Applications/Simplicity Studio.app/Contents/Eclipse/developer/toolchains/gnu_arm/12.2.rel1_2023.7/bin/../lib/gcc/arm-none-eabi/12.2.1/../../../../arm-none-eabi/lib/thumb/v7-m/nofp/crt0.o (__libc_init_array)
/Applications/Simplicity Studio.app/Contents/Eclipse/developer/toolchains/gnu_arm/12.2.rel1_2023.7/bin/../lib/gcc/arm-none-eabi/12.2.1/../../../../arm-none-eabi/lib/thumb/v7-m/nofp/libc_nano.a(libc_a-lock.o)
                              /Applications/Simplicity Studio.app/Contents/Eclipse/developer/toolchains/gnu_arm/12.2.rel1_2023.7/bin/../lib/gcc/arm-none-eabi/12.2.1/../../../../arm-none-eabi/lib/thumb/v7-m/nofp/libc_nano.a(libc_a-findfp.o) (__retarget_lock_init_recursive)
/Applications/Simplicity Studio.app/Contents/Eclipse/developer/toolchains/gnu_arm/12.2.rel1_2023.7/bin/../lib/gcc/arm-none-eabi/12.2.1/../../../../arm-none-eabi/lib/thumb/v7-m/nofp/libc_nano.a(libc_a-mallocr.o)
[...]
Memory Configuration

Name             Origin             Length             Attributes
FLASH            0x0000000000000000 0x0000000000100000 xr
RAM              0x0000000020000000 0x0000000000020000 xrw
*default*        0x0000000000000000 0xffffffffffffffff

Linker script and memory map

LOAD /Applications/Simplicity Studio.app/Contents/Eclipse/developer/toolchains/gnu_arm/12.2.rel1_2023.7/bin/../lib/gcc/arm-none-eabi/12.2.1/thumb/v7-m/nofp/crti.o
LOAD /Applications/Simplicity Studio.app/Contents/Eclipse/developer/toolchains/gnu_arm/12.2.rel1_2023.7/bin/../lib/gcc/arm-none-eabi/12.2.1/thumb/v7-m/nofp/crtbegin.o
LOAD /Applications/Simplicity Studio.app/Contents/Eclipse/developer/toolchains/gnu_arm/12.2.rel1_2023.7/bin/../lib/gcc/arm-none-eabi/12.2.1/../../../../arm-none-eabi/lib/thumb/v7-m/nofp/crt0.o
START GROUP
LOAD ./autogen/sl_device_init_clocks.o
LOAD ./autogen/sl_event_handler.o
LOAD ./autogen/sl_simple_led_instances.o
LOAD ./gecko_sdk_4.4.5/platform/Device/SiliconLabs/EFM32GG/Source/startup_efm32gg.o
LOAD ./gecko_sdk_4.4.5/platform/Device/SiliconLabs/EFM32GG/Source/system_efm32gg.o
LOAD ./gecko_sdk_4.4.5/platform/common/src/sl_assert.o
LOAD ./gecko_sdk_4.4.5/platform/common/src/sl_syscalls.o
LOAD ./gecko_sdk_4.4.5/platform/common/toolchain/src/sl_memory.o
LOAD ./gecko_sdk_4.4.5/platform/driver/leddrv/src/sl_led.o
LOAD ./gecko_sdk_4.4.5/platform/driver/leddrv/src/sl_simple_led.o
LOAD ./gecko_sdk_4.4.5/platform/emlib/src/em_cmu.o
LOAD ./gecko_sdk_4.4.5/platform/emlib/src/em_core.o
LOAD ./gecko_sdk_4.4.5/platform/emlib/src/em_emu.o
LOAD ./gecko_sdk_4.4.5/platform/emlib/src/em_gpio.o
LOAD ./gecko_sdk_4.4.5/platform/emlib/src/em_msc.o
LOAD ./gecko_sdk_4.4.5/platform/emlib/src/em_rtc.o
LOAD ./gecko_sdk_4.4.5/platform/emlib/src/em_system.o
LOAD ./gecko_sdk_4.4.5/platform/emlib/src/em_timer.o
LOAD ./gecko_sdk_4.4.5/platform/service/device_init/src/sl_device_init_emu_s0.o
LOAD ./gecko_sdk_4.4.5/platform/service/device_init/src/sl_device_init_nvic.o
LOAD ./gecko_sdk_4.4.5/platform/service/sleeptimer/src/sl_sleeptimer.o
LOAD ./gecko_sdk_4.4.5/platform/service/sleeptimer/src/sl_sleeptimer_hal_rtc.o
LOAD ./gecko_sdk_4.4.5/platform/service/system/src/sl_system_init.o
LOAD ./gecko_sdk_4.4.5/platform/service/system/src/sl_system_process_action.o
LOAD ./scr/app.o
LOAD ./scr/blink.o
LOAD ./scr/main.o
LOAD /Applications/Simplicity Studio.app/Contents/Eclipse/developer/toolchains/gnu_arm/12.2.rel1_2023.7/bin/../lib/gcc/arm-none-eabi/12.2.1/../../../../arm-none-eabi/lib/thumb/v7-m/nofp/libstdc++_nano.a
LOAD /Applications/Simplicity Studio.app/Contents/Eclipse/developer/toolchains/gnu_arm/12.2.rel1_2023.7/bin/../lib/gcc/arm-none-eabi/12.2.1/thumb/v7-m/nofp/libgcc.a
LOAD /Applications/Simplicity Studio.app/Contents/Eclipse/developer/toolchains/gnu_arm/12.2.rel1_2023.7/bin/../lib/gcc/arm-none-eabi/12.2.1/../../../../arm-none-eabi/lib/thumb/v7-m/nofp/libnosys.a
END GROUP
START GROUP
LOAD /Applications/Simplicity Studio.app/Contents/Eclipse/developer/toolchains/gnu_arm/12.2.rel1_2023.7/bin/../lib/gcc/arm-none-eabi/12.2.1/thumb/v7-m/nofp/libgcc.a
LOAD /Applications/Simplicity Studio.app/Contents/Eclipse/developer/toolchains/gnu_arm/12.2.rel1_2023.7/bin/../lib/gcc/arm-none-eabi/12.2.1/../../../../arm-none-eabi/lib/thumb/v7-m/nofp/libc_nano.a
LOAD /Applications/Simplicity Studio.app/Contents/Eclipse/developer/toolchains/gnu_arm/12.2.rel1_2023.7/bin/../lib/gcc/arm-none-eabi/12.2.1/../../../../arm-none-eabi/lib/thumb/v7-m/nofp/libnosys.a
END GROUP
LOAD /Applications/Simplicity Studio.app/Contents/Eclipse/developer/toolchains/gnu_arm/12.2.rel1_2023.7/bin/../lib/gcc/arm-none-eabi/12.2.1/../../../../arm-none-eabi/lib/thumb/v7-m/nofp/libstdc++_nano.a
LOAD /Applications/Simplicity Studio.app/Contents/Eclipse/developer/toolchains/gnu_arm/12.2.rel1_2023.7/bin/../lib/gcc/arm-none-eabi/12.2.1/../../../../arm-none-eabi/lib/thumb/v7-m/nofp/libm.a
LOAD /Applications/Simplicity Studio.app/Contents/Eclipse/developer/toolchains/gnu_arm/12.2.rel1_2023.7/bin/../lib/gcc/arm-none-eabi/12.2.1/../../../../arm-none-eabi/lib/thumb/v7-m/nofp/libc_nano.a
START GROUP
LOAD /Applications/Simplicity Studio.app/Contents/Eclipse/developer/toolchains/gnu_arm/12.2.rel1_2023.7/bin/../lib/gcc/arm-none-eabi/12.2.1/thumb/v7-m/nofp/libgcc.a
LOAD /Applications/Simplicity Studio.app/Contents/Eclipse/developer/toolchains/gnu_arm/12.2.rel1_2023.7/bin/../lib/gcc/arm-none-eabi/12.2.1/../../../../arm-none-eabi/lib/thumb/v7-m/nofp/libg_nano.a
LOAD /Applications/Simplicity Studio.app/Contents/Eclipse/developer/toolchains/gnu_arm/12.2.rel1_2023.7/bin/../lib/gcc/arm-none-eabi/12.2.1/../../../../arm-none-eabi/lib/thumb/v7-m/nofp/libc_nano.a
END GROUP
START GROUP
LOAD /Applications/Simplicity Studio.app/Contents/Eclipse/developer/toolchains/gnu_arm/12.2.rel1_2023.7/bin/../lib/gcc/arm-none-eabi/12.2.1/thumb/v7-m/nofp/libgcc.a
LOAD /Applications/Simplicity Studio.app/Contents/Eclipse/developer/toolchains/gnu_arm/12.2.rel1_2023.7/bin/../lib/gcc/arm-none-eabi/12.2.1/../../../../arm-none-eabi/lib/thumb/v7-m/nofp/libc_nano.a
LOAD /Applications/Simplicity Studio.app/Contents/Eclipse/developer/toolchains/gnu_arm/12.2.rel1_2023.7/bin/../lib/gcc/arm-none-eabi/12.2.1/../../../../arm-none-eabi/lib/thumb/v7-m/nofp/libnosys.a
END GROUP
START GROUP
LOAD /Applications/Simplicity Studio.app/Contents/Eclipse/developer/toolchains/gnu_arm/12.2.rel1_2023.7/bin/../lib/gcc/arm-none-eabi/12.2.1/thumb/v7-m/nofp/libgcc.a
LOAD /Applications/Simplicity Studio.app/Contents/Eclipse/developer/toolchains/gnu_arm/12.2.rel1_2023.7/bin/../lib/gcc/arm-none-eabi/12.2.1/../../../../arm-none-eabi/lib/thumb/v7-m/nofp/libc_nano.a
LOAD /Applications/Simplicity Studio.app/Contents/Eclipse/developer/toolchains/gnu_arm/12.2.rel1_2023.7/bin/../lib/gcc/arm-none-eabi/12.2.1/../../../../arm-none-eabi/lib/thumb/v7-m/nofp/libnosys.a
END GROUP
LOAD /Applications/Simplicity Studio.app/Contents/Eclipse/developer/toolchains/gnu_arm/12.2.rel1_2023.7/bin/../lib/gcc/arm-none-eabi/12.2.1/thumb/v7-m/nofp/crtend.o
LOAD /Applications/Simplicity Studio.app/Contents/Eclipse/developer/toolchains/gnu_arm/12.2.rel1_2023.7/bin/../lib/gcc/arm-none-eabi/12.2.1/thumb/v7-m/nofp/crtn.o

.text           0x0000000000000000     0x1ea8
                0x0000000000000000                linker_vectors_begin = .
 *(.vectors)
 .vectors       0x0000000000000000       0xdc ./gecko_sdk_4.4.5/platform/Device/SiliconLabs/EFM32GG/Source/startup_efm32gg.o
                0x0000000000000000                __Vectors
                0x00000000000000dc                linker_vectors_end = .
                0x00000000000000dc                __Vectors_End = .
                0x00000000000000dc                __Vectors_Size = (__Vectors_End - __Vectors)
                0x00000000000000dc                linker_code_begin = .
 *(SORT_BY_ALIGNMENT(.text*))
 .text.deregister_tm_clones
                0x00000000000000dc       0x1c /Applications/Simplicity Studio.app/Contents/Eclipse/developer/toolchains/gnu_arm/12.2.rel1_2023.7/bin/../lib/gcc/arm-none-eabi/12.2.1/thumb/v7-m/nofp/crtbegin.o
 .text.register_tm_clones
                0x00000000000000f8       0x24 /Applications/Simplicity Studio.app/Contents/Eclipse/developer/toolchains/gnu_arm/12.2.rel1_2023.7/bin/../lib/gcc/arm-none-eabi/12.2.1/thumb/v7-m/nofp/crtbegin.o
 .text.__do_global_dtors_aux
                0x000000000000011c       0x28 /Applications/Simplicity Studio.app/Contents/Eclipse/developer/toolchains/gnu_arm/12.2.rel1_2023.7/bin/../lib/gcc/arm-none-eabi/12.2.1/thumb/v7-m/nofp/crtbegin.o
 .text.frame_dummy
                0x0000000000000144       0x24 /Applications/Simplicity Studio.app/Contents/Eclipse/developer/toolchains/gnu_arm/12.2.rel1_2023.7/bin/../lib/gcc/arm-none-eabi/12.2.1/thumb/v7-m/nofp/crtbegin.o
 .text          0x0000000000000168       0x7c /Applications/Simplicity Studio.app/Contents/Eclipse/developer/toolchains/gnu_arm/12.2.rel1_2023.7/bin/../lib/gcc/arm-none-eabi/12.2.1/../../../../arm-none-eabi/lib/thumb/v7-m/nofp/crt0.o
                0x0000000000000168                _stack_init
                0x0000000000000170                _mainCRTStartup
                0x0000000000000170                _start
 .text.sl_device_init_clocks
                0x00000000000001e4       0x50 ./autogen/sl_device_init_clocks.o
                0x00000000000001e4                sl_device_init_clocks
 .text.sl_platform_init
                0x0000000000000234       0x58 ./autogen/sl_event_handler.o
                0x0000000000000234                sl_platform_init
 .text.sl_simple_led_init_instances
                0x000000000000028c        0xc ./autogen/sl_simple_led_instances.o
                0x000000000000028c                sl_simple_led_init_instances
 .text.Reset_Handler
                0x0000000000000298       0x60 ./gecko_sdk_4.4.5/platform/Device/SiliconLabs/EFM32GG/Source/startup_efm32gg.o
                0x0000000000000298                Reset_Handler
 .text.SystemMaxCoreClockGet
                0x00000000000002f8        0x8 ./gecko_sdk_4.4.5/platform/Device/SiliconLabs/EFM32GG/Source/system_efm32gg.o
                0x00000000000002f8                SystemMaxCoreClockGet
 .text.SystemHFClockGet
                0x0000000000000300       0xc8 ./gecko_sdk_4.4.5/platform/Device/SiliconLabs/EFM32GG/Source/system_efm32gg.o
                0x0000000000000300                SystemHFClockGet
 .text.SystemCoreClockGet
                0x00000000000003c8       0x20 ./gecko_sdk_4.4.5/platform/Device/SiliconLabs/EFM32GG/Source/system_efm32gg.o
                0x00000000000003c8                SystemCoreClockGet
 .text.SystemInit
                0x00000000000003e8       0x10 ./gecko_sdk_4.4.5/platform/Device/SiliconLabs/EFM32GG/Source/system_efm32gg.o
                0x00000000000003e8                SystemInit
 .text.SystemLFXOClockGet
                0x00000000000003f8        0xc ./gecko_sdk_4.4.5/platform/Device/SiliconLabs/EFM32GG/Source/system_efm32gg.o
                0x00000000000003f8                SystemLFXOClockGet
 .text.GPIO_PinOutClear
                0x0000000000000404       0x3c ./gecko_sdk_4.4.5/platform/driver/leddrv/src/sl_simple_led.o
 .text.GPIO_PinOutSet
                0x0000000000000440       0x3c ./gecko_sdk_4.4.5/platform/driver/leddrv/src/sl_simple_led.o
 .text.sl_simple_led_init
                0x000000000000047c       0x34 ./gecko_sdk_4.4.5/platform/driver/leddrv/src/sl_simple_led.o
                0x000000000000047c                sl_simple_led_init
 .text.sl_simple_led_toggle
                0x00000000000004b0       0x3c ./gecko_sdk_4.4.5/platform/driver/leddrv/src/sl_simple_led.o
                0x00000000000004b0                sl_simple_led_toggle
 .text.sl_simple_led_get_state
                0x00000000000004ec       0x4c ./gecko_sdk_4.4.5/platform/driver/leddrv/src/sl_simple_led.o
                0x00000000000004ec                sl_simple_led_get_state
 .text.CMU_DivToLog2
                0x0000000000000538       0x2c ./gecko_sdk_4.4.5/platform/emlib/src/em_cmu.o
 .text.auxClkGet
                0x0000000000000564       0x90 ./gecko_sdk_4.4.5/platform/emlib/src/em_cmu.o
 .text.syncReg  0x00000000000005f4       0x14 ./gecko_sdk_4.4.5/platform/emlib/src/em_cmu.o
 .text.maxFreqHfle
                0x0000000000000608       0x64 ./gecko_sdk_4.4.5/platform/emlib/src/em_cmu.o
 .text.setHfLeConfig
                0x000000000000066c       0x40 ./gecko_sdk_4.4.5/platform/emlib/src/em_cmu.o
 .text.flashWaitStateControl.constprop.0
                0x00000000000006ac       0x64 ./gecko_sdk_4.4.5/platform/emlib/src/em_cmu.o
 .text.flashWaitStateMax
                0x0000000000000710       0x24 ./gecko_sdk_4.4.5/platform/emlib/src/em_cmu.o
 .text.CMU_UpdateWaitStates
                0x0000000000000734       0x20 ./gecko_sdk_4.4.5/platform/emlib/src/em_cmu.o
                0x0000000000000734                CMU_UpdateWaitStates
 .text.CMU_ClockDivGet
                0x0000000000000754       0xe0 ./gecko_sdk_4.4.5/platform/emlib/src/em_cmu.o
                0x0000000000000754                CMU_ClockDivGet
 .text.CMU_ClockDivSet
                0x0000000000000834      0x238 ./gecko_sdk_4.4.5/platform/emlib/src/em_cmu.o
                0x0000000000000834                CMU_ClockDivSet
 .text.CMU_ClockEnable
                0x0000000000000a6c       0x98 ./gecko_sdk_4.4.5/platform/emlib/src/em_cmu.o
                0x0000000000000a6c                CMU_ClockEnable
 .text.CMU_ClockSelectGet
                0x0000000000000b04       0xa8 ./gecko_sdk_4.4.5/platform/emlib/src/em_cmu.o
                0x0000000000000b04                CMU_ClockSelectGet
 .text.lfClkGet
                0x0000000000000bac       0xc4 ./gecko_sdk_4.4.5/platform/emlib/src/em_cmu.o
 .text.CMU_ClockFreqGet
                0x0000000000000c70      0x160 ./gecko_sdk_4.4.5/platform/emlib/src/em_cmu.o
                0x0000000000000c70                CMU_ClockFreqGet
 .text.CMU_OscillatorEnable
                0x0000000000000dd0       0x58 ./gecko_sdk_4.4.5/platform/emlib/src/em_cmu.o
                0x0000000000000dd0                CMU_OscillatorEnable
 .text.sli_em_cmu_HFClockSelectHFRCO
                0x0000000000000e28       0x3c ./gecko_sdk_4.4.5/platform/emlib/src/em_cmu.o
                0x0000000000000e28                sli_em_cmu_HFClockSelectHFRCO
 .text.EMU_EM4Init
                0x0000000000000e64       0x30 ./gecko_sdk_4.4.5/platform/emlib/src/em_emu.o
                0x0000000000000e64                EMU_EM4Init
 .text.GPIO_PinOutSet
                0x0000000000000e94       0x3c ./gecko_sdk_4.4.5/platform/emlib/src/em_gpio.o
 .text.GPIO_PinOutClear
                0x0000000000000ed0       0x3c ./gecko_sdk_4.4.5/platform/emlib/src/em_gpio.o
 .text.GPIO_PinModeSet
                0x0000000000000f0c       0x90 ./gecko_sdk_4.4.5/platform/emlib/src/em_gpio.o
                0x0000000000000f0c                GPIO_PinModeSet
 .text.RTC_CompareSet
                0x0000000000000f9c       0x4c ./gecko_sdk_4.4.5/platform/emlib/src/em_rtc.o
                0x0000000000000f9c                RTC_CompareSet
 .text.RTC_Init
                0x0000000000000fe8       0x1c ./gecko_sdk_4.4.5/platform/emlib/src/em_rtc.o
                0x0000000000000fe8                RTC_Init
 .text.SYSTEM_ChipRevisionGet
                0x0000000000001004       0x50 ./gecko_sdk_4.4.5/platform/emlib/src/em_system.o
                0x0000000000001004                SYSTEM_ChipRevisionGet
 .text.SYSTEM_GetProdRev
                0x0000000000001054       0x10 ./gecko_sdk_4.4.5/platform/emlib/src/em_system.o
                0x0000000000001054                SYSTEM_GetProdRev
 .text.SYSTEM_GetFamily
                0x0000000000001064       0x10 ./gecko_sdk_4.4.5/platform/emlib/src/em_system.o
                0x0000000000001064                SYSTEM_GetFamily
 .text.sl_device_init_emu
                0x0000000000001074       0x20 ./gecko_sdk_4.4.5/platform/service/device_init/src/sl_device_init_emu_s0.o
                0x0000000000001074                sl_device_init_emu
 .text.sl_device_init_nvic
                0x0000000000001094       0x3c ./gecko_sdk_4.4.5/platform/service/device_init/src/sl_device_init_nvic.o
                0x0000000000001094                sl_device_init_nvic
 .text.delta_list_insert_timer
                0x00000000000010d0       0x40 ./gecko_sdk_4.4.5/platform/service/sleeptimer/src/sl_sleeptimer.o
 .text.update_delta_list
                0x0000000000001110       0x34 ./gecko_sdk_4.4.5/platform/service/sleeptimer/src/sl_sleeptimer.o
 .text.set_comparator_for_next_timer
                0x0000000000001144       0x5c ./gecko_sdk_4.4.5/platform/service/sleeptimer/src/sl_sleeptimer.o
 .text.create_timer
                0x00000000000011a0       0x88 ./gecko_sdk_4.4.5/platform/service/sleeptimer/src/sl_sleeptimer.o
 .text.delta_list_remove_timer
                0x0000000000001228       0x38 ./gecko_sdk_4.4.5/platform/service/sleeptimer/src/sl_sleeptimer.o
 .text.sl_sleeptimer_init
                0x0000000000001260       0x74 ./gecko_sdk_4.4.5/platform/service/sleeptimer/src/sl_sleeptimer.o
                0x0000000000001260                sl_sleeptimer_init
 .text.sl_sleeptimer_is_timer_running
                0x00000000000012d4       0x3c ./gecko_sdk_4.4.5/platform/service/sleeptimer/src/sl_sleeptimer.o
                0x00000000000012d4                sl_sleeptimer_is_timer_running
 .text.sl_sleeptimer_ms32_to_tick
                0x0000000000001310       0x3c ./gecko_sdk_4.4.5/platform/service/sleeptimer/src/sl_sleeptimer.o
                0x0000000000001310                sl_sleeptimer_ms32_to_tick
 .text.sl_sleeptimer_start_periodic_timer_ms
                0x000000000000134c       0x78 ./gecko_sdk_4.4.5/platform/service/sleeptimer/src/sl_sleeptimer.o
                0x000000000000134c                sl_sleeptimer_start_periodic_timer_ms
 .text.process_timer_irq
                0x00000000000013c4      0x154 ./gecko_sdk_4.4.5/platform/service/sleeptimer/src/sl_sleeptimer.o
                0x00000000000013c4                process_timer_irq
 .text.sleeptimer_hal_init_timer
                0x0000000000001518       0x64 ./gecko_sdk_4.4.5/platform/service/sleeptimer/src/sl_sleeptimer_hal_rtc.o
                0x0000000000001518                sleeptimer_hal_init_timer
 .text.sleeptimer_hal_get_counter
                0x000000000000157c       0x24 ./gecko_sdk_4.4.5/platform/service/sleeptimer/src/sl_sleeptimer_hal_rtc.o
                0x000000000000157c                sleeptimer_hal_get_counter
 .text.sleeptimer_hal_enable_int
                0x00000000000015a0       0x30 ./gecko_sdk_4.4.5/platform/service/sleeptimer/src/sl_sleeptimer_hal_rtc.o
                0x00000000000015a0                sleeptimer_hal_enable_int
 .text.sleeptimer_hal_disable_int
                0x00000000000015d0       0x2c ./gecko_sdk_4.4.5/platform/service/sleeptimer/src/sl_sleeptimer_hal_rtc.o
                0x00000000000015d0                sleeptimer_hal_disable_int
 .text.sleeptimer_hal_set_compare
                0x00000000000015fc       0x6c ./gecko_sdk_4.4.5/platform/service/sleeptimer/src/sl_sleeptimer_hal_rtc.o
                0x00000000000015fc                sleeptimer_hal_set_compare
 .text.sleeptimer_hal_set_int
                0x0000000000001668       0x10 ./gecko_sdk_4.4.5/platform/service/sleeptimer/src/sl_sleeptimer_hal_rtc.o
                0x0000000000001668                sleeptimer_hal_set_int
 .text.sleeptimer_hal_get_timer_frequency
                0x0000000000001678        0xc ./gecko_sdk_4.4.5/platform/service/sleeptimer/src/sl_sleeptimer_hal_rtc.o
                0x0000000000001678                sleeptimer_hal_get_timer_frequency
 .text.RTC_IRQHandler
                0x0000000000001684       0x84 ./gecko_sdk_4.4.5/platform/service/sleeptimer/src/sl_sleeptimer_hal_rtc.o
                0x0000000000001684                RTC_IRQHandler
 .text._ZL10on_timeoutP26sl_sleeptimer_timer_handlePv
                0x0000000000001708        0xc ./scr/blink.o
 .text._Z10blink_initv
                0x0000000000001714       0x24 ./scr/blink.o
                0x0000000000001714                blink_init()
 .text._Z20blink_process_actionv
                0x0000000000001738       0x1c ./scr/blink.o
                0x0000000000001738                blink_process_action()
 .text          0x0000000000001754       0x30 /Applications/Simplicity Studio.app/Contents/Eclipse/developer/toolchains/gnu_arm/12.2.rel1_2023.7/bin/../lib/gcc/arm-none-eabi/12.2.1/thumb/v7-m/nofp/libgcc.a(_aeabi_uldivmod.o)
                0x0000000000001754                __aeabi_uldivmod
 .text.__udivmoddi4
                0x0000000000001784      0x2c0 /Applications/Simplicity Studio.app/Contents/Eclipse/developer/toolchains/gnu_arm/12.2.rel1_2023.7/bin/../lib/gcc/arm-none-eabi/12.2.1/thumb/v7-m/nofp/libgcc.a(_udivmoddi4.o)
                0x0000000000001784                __udivmoddi4
 .text          0x0000000000001a44        0x4 /Applications/Simplicity Studio.app/Contents/Eclipse/developer/toolchains/gnu_arm/12.2.rel1_2023.7/bin/../lib/gcc/arm-none-eabi/12.2.1/thumb/v7-m/nofp/libgcc.a(_dvmd_tls.o)
                0x0000000000001a44                __aeabi_ldiv0
                0x0000000000001a44                __aeabi_idiv0
 .text.exit     0x0000000000001a48       0x24 /Applications/Simplicity Studio.app/Contents/Eclipse/developer/toolchains/gnu_arm/12.2.rel1_2023.7/bin/../lib/gcc/arm-none-eabi/12.2.1/../../../../arm-none-eabi/lib/thumb/v7-m/nofp/libc_nano.a(libc_a-exit.o)
                0x0000000000001a48                exit
 .text.__libc_init_array
                0x0000000000001a6c       0x48 /Applications/Simplicity Studio.app/Contents/Eclipse/developer/toolchains/gnu_arm/12.2.rel1_2023.7/bin/../lib/gcc/arm-none-eabi/12.2.1/../../../../arm-none-eabi/lib/thumb/v7-m/nofp/libc_nano.a(libc_a-init.o)
                0x0000000000001a6c                __libc_init_array
 .text.sl_driver_init
                0x0000000000001ab4        0x4 ./autogen/sl_event_handler.o
                0x0000000000001ab4                sl_driver_init
 .text.sl_service_init
                0x0000000000001ab8        0x4 ./autogen/sl_event_handler.o
                0x0000000000001ab8                sl_service_init
 .text.sl_stack_init
                0x0000000000001abc        0x2 ./autogen/sl_event_handler.o
                0x0000000000001abc                sl_stack_init
 .text.sl_internal_app_init
                0x0000000000001abe        0x2 ./autogen/sl_event_handler.o
                0x0000000000001abe                sl_internal_app_init
 .text.sl_platform_process_action
                0x0000000000001ac0        0x2 ./autogen/sl_event_handler.o
                0x0000000000001ac0                sl_platform_process_action
 .text.sl_service_process_action
                0x0000000000001ac2        0x2 ./autogen/sl_event_handler.o
                0x0000000000001ac2                sl_service_process_action
 .text.sl_stack_process_action
                0x0000000000001ac4        0x2 ./autogen/sl_event_handler.o
                0x0000000000001ac4                sl_stack_process_action
 .text.sl_internal_app_process_action
                0x0000000000001ac6        0x2 ./autogen/sl_event_handler.o
                0x0000000000001ac6                sl_internal_app_process_action
 .text.Default_Handler
                0x0000000000001ac8        0x2 ./gecko_sdk_4.4.5/platform/Device/SiliconLabs/EFM32GG/Source/startup_efm32gg.o
                0x0000000000001ac8                USART2_TX_IRQHandler
                0x0000000000001ac8                DebugMon_Handler
                0x0000000000001ac8                USART0_TX_IRQHandler
                0x0000000000001ac8                I2C0_IRQHandler
                0x0000000000001ac8                HardFault_Handler
                0x0000000000001ac8                LEUART1_IRQHandler
                0x0000000000001ac8                SysTick_Handler
                0x0000000000001ac8                USART1_RX_IRQHandler
                0x0000000000001ac8                PendSV_Handler
                0x0000000000001ac8                NMI_Handler
                0x0000000000001ac8                I2C1_IRQHandler
                0x0000000000001ac8                TIMER3_IRQHandler
                0x0000000000001ac8                USART1_TX_IRQHandler
                0x0000000000001ac8                MSC_IRQHandler
                0x0000000000001ac8                ADC0_IRQHandler
                0x0000000000001ac8                UsageFault_Handler
                0x0000000000001ac8                LEUART0_IRQHandler
                0x0000000000001ac8                GPIO_EVEN_IRQHandler
                0x0000000000001ac8                UART0_TX_IRQHandler
                0x0000000000001ac8                UART1_TX_IRQHandler
                0x0000000000001ac8                TIMER0_IRQHandler
                0x0000000000001ac8                LCD_IRQHandler
                0x0000000000001ac8                PCNT2_IRQHandler
                0x0000000000001ac8                UART0_RX_IRQHandler
                0x0000000000001ac8                LETIMER0_IRQHandler
                0x0000000000001ac8                TIMER1_IRQHandler
                0x0000000000001ac8                USART2_RX_IRQHandler
                0x0000000000001ac8                Default_Handler
                0x0000000000001ac8                EMU_IRQHandler
                0x0000000000001ac8                PCNT0_IRQHandler
                0x0000000000001ac8                sl_app_properties
                0x0000000000001ac8                USB_IRQHandler
                0x0000000000001ac8                BURTC_IRQHandler
                0x0000000000001ac8                PCNT1_IRQHandler
                0x0000000000001ac8                ACMP0_IRQHandler
                0x0000000000001ac8                USART0_RX_IRQHandler
                0x0000000000001ac8                MemManage_Handler
                0x0000000000001ac8                SVC_Handler
                0x0000000000001ac8                DAC0_IRQHandler
                0x0000000000001ac8                UART1_RX_IRQHandler
                0x0000000000001ac8                CMU_IRQHandler
                0x0000000000001ac8                EBI_IRQHandler
                0x0000000000001ac8                GPIO_ODD_IRQHandler
                0x0000000000001ac8                LESENSE_IRQHandler
                0x0000000000001ac8                AES_IRQHandler
                0x0000000000001ac8                VCMP_IRQHandler
                0x0000000000001ac8                DMA_IRQHandler
                0x0000000000001ac8                BusFault_Handler
                0x0000000000001ac8                TIMER2_IRQHandler
 .text.SystemLFRCOClockGet
                0x0000000000001aca        0x6 ./gecko_sdk_4.4.5/platform/Device/SiliconLabs/EFM32GG/Source/system_efm32gg.o
                0x0000000000001aca                SystemLFRCOClockGet
 .text.SystemULFRCOClockGet
                0x0000000000001ad0        0x6 ./gecko_sdk_4.4.5/platform/Device/SiliconLabs/EFM32GG/Source/system_efm32gg.o
                0x0000000000001ad0                SystemULFRCOClockGet
 .text.assertEFM
                0x0000000000001ad6        0x2 ./gecko_sdk_4.4.5/platform/common/src/sl_assert.o
                0x0000000000001ad6                assertEFM
 .text._exit    0x0000000000001ad8        0x2 ./gecko_sdk_4.4.5/platform/common/src/sl_syscalls.o
                0x0000000000001ad8                _exit
 .text.sl_led_init
                0x0000000000001ada        0x4 ./gecko_sdk_4.4.5/platform/driver/leddrv/src/sl_led.o
                0x0000000000001ada                sl_led_init
 .text.sl_led_toggle
                0x0000000000001ade        0x6 ./gecko_sdk_4.4.5/platform/driver/leddrv/src/sl_led.o
                0x0000000000001ade                sl_led_toggle
 .text.sl_simple_led_turn_on
                0x0000000000001ae4       0x12 ./gecko_sdk_4.4.5/platform/driver/leddrv/src/sl_simple_led.o
                0x0000000000001ae4                sl_simple_led_turn_on
 .text.sl_simple_led_turn_off
                0x0000000000001af6       0x12 ./gecko_sdk_4.4.5/platform/driver/leddrv/src/sl_simple_led.o
                0x0000000000001af6                sl_simple_led_turn_off
 .text.CORE_EnterCritical
                0x0000000000001b08        0x8 ./gecko_sdk_4.4.5/platform/emlib/src/em_core.o
                0x0000000000001b08                CORE_EnterCritical
 .text.CORE_ExitCritical
                0x0000000000001b10        0x6 ./gecko_sdk_4.4.5/platform/emlib/src/em_core.o
                0x0000000000001b10                CORE_ExitCritical
 .text.CORE_EnterAtomic
                0x0000000000001b16        0xc ./gecko_sdk_4.4.5/platform/emlib/src/em_core.o
                0x0000000000001b16                CORE_EnterAtomic
 .text.CORE_ExitAtomic
                0x0000000000001b22        0x6 ./gecko_sdk_4.4.5/platform/emlib/src/em_core.o
                0x0000000000001b22                CORE_ExitAtomic
 .text.BUS_RegMaskedWrite
                0x0000000000001b28       0x1e ./gecko_sdk_4.4.5/platform/emlib/src/em_gpio.o
 .text.sl_system_init
                0x0000000000001b46       0x1a ./gecko_sdk_4.4.5/platform/service/system/src/sl_system_init.o
                0x0000000000001b46                sl_system_init
 .text.sl_system_process_action
                0x0000000000001b60       0x16 ./gecko_sdk_4.4.5/platform/service/system/src/sl_system_process_action.o
                0x0000000000001b60                sl_system_process_action
 .text._Z8app_initv
                0x0000000000001b76        0x4 ./scr/app.o
                0x0000000000001b76                app_init()
 .text._Z18app_process_actionv
                0x0000000000001b7a        0x4 ./scr/app.o
                0x0000000000001b7a                app_process_action()
 .text.startup.main
                0x0000000000001b7e       0x14 ./scr/main.o
                0x0000000000001b7e                main
 .text.memset   0x0000000000001b92       0x10 /Applications/Simplicity Studio.app/Contents/Eclipse/developer/toolchains/gnu_arm/12.2.rel1_2023.7/bin/../lib/gcc/arm-none-eabi/12.2.1/../../../../arm-none-eabi/lib/thumb/v7-m/nofp/libc_nano.a(libc_a-memset.o)
                0x0000000000001b92                memset
                0x0000000000001bc0                . = ALIGN (0x20)
 *fill*         0x0000000000001ba2       0x1e 
                0x0000000000001bc0                linker_code_end = .
 *(.init)
 .init          0x0000000000001bc0        0x4 /Applications/Simplicity Studio.app/Contents/Eclipse/developer/toolchains/gnu_arm/12.2.rel1_2023.7/bin/../lib/gcc/arm-none-eabi/12.2.1/thumb/v7-m/nofp/crti.o
                0x0000000000001bc0                _init
 .init          0x0000000000001bc4        0x8 /Applications/Simplicity Studio.app/Contents/Eclipse/developer/toolchains/gnu_arm/12.2.rel1_2023.7/bin/../lib/gcc/arm-none-eabi/12.2.1/thumb/v7-m/nofp/crtn.o
 *(.fini)
 .fini          0x0000000000001bcc        0x4 /Applications/Simplicity Studio.app/Contents/Eclipse/developer/toolchains/gnu_arm/12.2.rel1_2023.7/bin/../lib/gcc/arm-none-eabi/12.2.1/thumb/v7-m/nofp/crti.o
                0x0000000000001bcc                _fini
 .fini          0x0000000000001bd0        0x8 /Applications/Simplicity Studio.app/Contents/Eclipse/developer/toolchains/gnu_arm/12.2.rel1_2023.7/bin/../lib/gcc/arm-none-eabi/12.2.1/thumb/v7-m/nofp/crtn.o
 *crtbegin.o(.ctors)
 *crtbegin?.o(.ctors)
 *(EXCLUDE_FILE(*crtend.o *crtend?.o) .ctors)
 *(SORT_BY_NAME(.ctors.*))
 *(.ctors)
 *crtbegin.o(.dtors)
 *crtbegin?.o(.dtors)
 *(EXCLUDE_FILE(*crtend.o *crtend?.o) .dtors)
 *(SORT_BY_NAME(.dtors.*))
 *(.dtors)
                0x0000000000001bd8                __code_classification_validator_start__ = .
                0x0000000000001bf8                . = (. + 0x20)
 *fill*         0x0000000000001bd8       0x20 
 *(code_classification_validator)
                0x0000000000001c00                . = ALIGN (0x20)
 *fill*         0x0000000000001bf8        0x8 
                0x0000000000001c00                __code_classification_validator_end__ = .
 *(.rodata*)
 .rodata.sl_led_led0
                0x0000000000001c00       0x18 ./autogen/sl_simple_led_instances.o
                0x0000000000001c00                sl_led_led0
 .rodata.GPIO_PinOutClear.str1.1
                0x0000000000001c18       0x53 ./gecko_sdk_4.4.5/platform/driver/leddrv/src/sl_simple_led.o
 *fill*         0x0000000000001c6b        0x1 
 .rodata.CSWTCH.28
                0x0000000000001c6c        0xc ./gecko_sdk_4.4.5/platform/driver/leddrv/src/sl_simple_led.o
 .rodata.CMU_DivToLog2.str1.1
                0x0000000000001c78       0x52 ./gecko_sdk_4.4.5/platform/emlib/src/em_cmu.o
 .rodata.auxClkGet.str1.1
                0x0000000000001cca       0x51 ./gecko_sdk_4.4.5/platform/emlib/src/em_cmu.o
 *fill*         0x0000000000001d1b        0x1 
 .rodata.CSWTCH.61
                0x0000000000001d1c        0xa ./gecko_sdk_4.4.5/platform/emlib/src/em_cmu.o
 .rodata.CSWTCH.60
                0x0000000000001d26        0xa ./gecko_sdk_4.4.5/platform/emlib/src/em_cmu.o
 .rodata.CSWTCH.59
                0x0000000000001d30        0x5 ./gecko_sdk_4.4.5/platform/emlib/src/em_cmu.o
 .rodata.GPIO_PinOutSet.str1.1
                0x0000000000001d35       0x53 ./gecko_sdk_4.4.5/platform/emlib/src/em_gpio.o
 .rodata.GPIO_DbgLocationSet.str1.1
                0x0000000000001d35       0x52 ./gecko_sdk_4.4.5/platform/emlib/src/em_gpio.o
 *fill*         0x0000000000001d87        0x1 
 .rodata.CSWTCH.36
                0x0000000000001d88        0xc ./gecko_sdk_4.4.5/platform/emlib/src/em_gpio.o
 .rodata.RTC_CompareGet.str1.1
                0x0000000000001d94       0x51 ./gecko_sdk_4.4.5/platform/emlib/src/em_rtc.o
 .rodata.SYSTEM_ChipRevisionGet.str1.1
                0x0000000000001de5       0x54 ./gecko_sdk_4.4.5/platform/emlib/src/em_system.o
 .rodata        0x0000000000001e39        0x5 ./gecko_sdk_4.4.5/platform/service/device_init/src/sl_device_init_emu_s0.o
 .rodata.process_timer_irq.str1.1
                0x0000000000001e3e       0x65 ./gecko_sdk_4.4.5/platform/service/sleeptimer/src/sl_sleeptimer.o
 .rodata        0x0000000000001ea3        0x3 ./gecko_sdk_4.4.5/platform/service/sleeptimer/src/sl_sleeptimer_hal_rtc.o
 *(.eh_frame*)
 *fill*         0x0000000000001ea6        0x2 
 .eh_frame      0x0000000000001ea8        0x0 /Applications/Simplicity Studio.app/Contents/Eclipse/developer/toolchains/gnu_arm/12.2.rel1_2023.7/bin/../lib/gcc/arm-none-eabi/12.2.1/thumb/v7-m/nofp/crtbegin.o

.glue_7         0x0000000000001ea8        0x0
 .glue_7        0x0000000000001ea8        0x0 linker stubs

.glue_7t        0x0000000000001ea8        0x0
 .glue_7t       0x0000000000001ea8        0x0 linker stubs

.vfp11_veneer   0x0000000000001ea8        0x0
 .vfp11_veneer  0x0000000000001ea8        0x0 linker stubs

.v4_bx          0x0000000000001ea8        0x0
 .v4_bx         0x0000000000001ea8        0x0 linker stubs

.iplt           0x0000000000001ea8        0x0
 .iplt          0x0000000000001ea8        0x0 /Applications/Simplicity Studio.app/Contents/Eclipse/developer/toolchains/gnu_arm/12.2.rel1_2023.7/bin/../lib/gcc/arm-none-eabi/12.2.1/thumb/v7-m/nofp/crtbegin.o

.ARM.extab
 *(.ARM.extab* .gnu.linkonce.armextab.*)
                0x0000000000001ea8                __exidx_start = .

.ARM.exidx      0x0000000000001ea8        0x8
 *(.ARM.exidx* .gnu.linkonce.armexidx.*)
 .ARM.exidx     0x0000000000001ea8        0x8 /Applications/Simplicity Studio.app/Contents/Eclipse/developer/toolchains/gnu_arm/12.2.rel1_2023.7/bin/../lib/gcc/arm-none-eabi/12.2.1/../../../../arm-none-eabi/lib/thumb/v7-m/nofp/crt0.o
                                         0x10 (size before relaxing)
 .ARM.exidx.text.__udivmoddi4
                0x0000000000001eb0        0x0 /Applications/Simplicity Studio.app/Contents/Eclipse/developer/toolchains/gnu_arm/12.2.rel1_2023.7/bin/../lib/gcc/arm-none-eabi/12.2.1/thumb/v7-m/nofp/libgcc.a(_udivmoddi4.o)
                                          0x8 (size before relaxing)
                0x0000000000001eb0                __exidx_end = .

.rel.dyn        0x0000000000001eb0        0x0
 .rel.iplt      0x0000000000001eb0        0x0 /Applications/Simplicity Studio.app/Contents/Eclipse/developer/toolchains/gnu_arm/12.2.rel1_2023.7/bin/../lib/gcc/arm-none-eabi/12.2.1/thumb/v7-m/nofp/crtbegin.o

.copy.table     0x0000000000001eb0        0xc
                0x0000000000001eb0                . = ALIGN (0x4)
                0x0000000000001eb0                __copy_table_start__ = .
                0x0000000000001eb0        0x4 LONG 0x1ebc __etext
                0x0000000000001eb4        0x4 LONG 0x20001000 __data_start__
                0x0000000000001eb8        0x4 LONG 0x6 ((__data_end__ - __data_start__) / 0x4)
                0x0000000000001ebc                __copy_table_end__ = .

.zero.table     0x0000000000001ebc        0x0
                0x0000000000001ebc                . = ALIGN (0x4)
                0x0000000000001ebc                __zero_table_start__ = .
                0x0000000000001ebc                __zero_table_end__ = .
                0x0000000000001ebc                __etext = .
                0x0000000020000000                . = ORIGIN (RAM)

.stack          0x0000000020000000     0x1000
                0x0000000020000000                __StackLimit = .
 *(.stack*)
 .stack         0x0000000020000000     0x1000 ./gecko_sdk_4.4.5/platform/common/toolchain/src/sl_memory.o
                0x0000000020001000                . = ALIGN (0x4)
                0x0000000020001000                __StackTop = .
                0x0000000020001000                PROVIDE (__stack = __StackTop)

.noinit
 *(.noinit*)

.data           0x0000000020001000       0x18 load address 0x0000000000001ebc
                0x0000000020001000                . = ALIGN (0x4)
                0x0000000020001000                __data_start__ = .
 *(vtable)
 *(SORT_BY_ALIGNMENT(.data*))
 .data.SystemCoreClock
                0x0000000020001000        0x4 ./gecko_sdk_4.4.5/platform/Device/SiliconLabs/EFM32GG/Source/system_efm32gg.o
                0x0000000020001000                SystemCoreClock
 .data.SystemLFXOClock
                0x0000000020001004        0x4 ./gecko_sdk_4.4.5/platform/Device/SiliconLabs/EFM32GG/Source/system_efm32gg.o
 .data.SystemHFXOClock
                0x0000000020001008        0x4 ./gecko_sdk_4.4.5/platform/Device/SiliconLabs/EFM32GG/Source/system_efm32gg.o
 .data.simple_led0_context
                0x000000002000100c        0x3 ./autogen/sl_simple_led_instances.o
                0x000000002000100c                simple_led0_context
 .data.comp_int_disabled
                0x000000002000100f        0x1 ./gecko_sdk_4.4.5/platform/service/sleeptimer/src/sl_sleeptimer_hal_rtc.o
                0x0000000020001010                . = ALIGN (0x4)
                [!provide]                        PROVIDE (__ram_func_section_start = .)
 *(.ram)
                [!provide]                        PROVIDE (__ram_func_section_end = .)
                0x0000000020001010                . = ALIGN (0x4)
                0x0000000020001010                PROVIDE (__preinit_array_start = .)
 *(.preinit_array)
                0x0000000020001010                PROVIDE (__preinit_array_end = .)
                0x0000000020001010                . = ALIGN (0x4)
                0x0000000020001010                PROVIDE (__init_array_start = .)
 *(SORT_BY_NAME(.init_array.*))
 *(.init_array)
 .init_array    0x0000000020001010        0x4 /Applications/Simplicity Studio.app/Contents/Eclipse/developer/toolchains/gnu_arm/12.2.rel1_2023.7/bin/../lib/gcc/arm-none-eabi/12.2.1/thumb/v7-m/nofp/crtbegin.o
                0x0000000020001014                PROVIDE (__init_array_end = .)
                0x0000000020001014                . = ALIGN (0x4)
                [!provide]                        PROVIDE (__fini_array_start = .)
 *(SORT_BY_NAME(.fini_array.*))
 *(.fini_array)
 .fini_array    0x0000000020001014        0x4 /Applications/Simplicity Studio.app/Contents/Eclipse/developer/toolchains/gnu_arm/12.2.rel1_2023.7/bin/../lib/gcc/arm-none-eabi/12.2.1/thumb/v7-m/nofp/crtbegin.o
                [!provide]                        PROVIDE (__fini_array_end = .)
                0x0000000020001018                . = ALIGN (0x4)
                0x0000000020001018                __data_end__ = .

.tm_clone_table
                0x0000000020001018        0x0 load address 0x0000000000001ed4
 .tm_clone_table
                0x0000000020001018        0x0 /Applications/Simplicity Studio.app/Contents/Eclipse/developer/toolchains/gnu_arm/12.2.rel1_2023.7/bin/../lib/gcc/arm-none-eabi/12.2.1/thumb/v7-m/nofp/crtbegin.o
 .tm_clone_table
                0x0000000020001018        0x0 /Applications/Simplicity Studio.app/Contents/Eclipse/developer/toolchains/gnu_arm/12.2.rel1_2023.7/bin/../lib/gcc/arm-none-eabi/12.2.1/thumb/v7-m/nofp/crtend.o

.igot.plt       0x0000000020001018        0x0 load address 0x0000000000001ed4
 .igot.plt      0x0000000020001018        0x0 /Applications/Simplicity Studio.app/Contents/Eclipse/developer/toolchains/gnu_arm/12.2.rel1_2023.7/bin/../lib/gcc/arm-none-eabi/12.2.1/thumb/v7-m/nofp/crtbegin.o

.bss            0x0000000020001018       0x58 load address 0x0000000000001ed4
                0x0000000020001018                . = ALIGN (0x4)
                0x0000000020001018                __bss_start__ = .
 *(SORT_BY_ALIGNMENT(.bss*))
 .bss.object.0  0x0000000020001018       0x18 /Applications/Simplicity Studio.app/Contents/Eclipse/developer/toolchains/gnu_arm/12.2.rel1_2023.7/bin/../lib/gcc/arm-none-eabi/12.2.1/thumb/v7-m/nofp/crtbegin.o
 .bss.max_millisecond_conversion
                0x0000000020001030        0x4 ./gecko_sdk_4.4.5/platform/service/sleeptimer/src/sl_sleeptimer.o
 .bss.last_delta_update_count
                0x0000000020001034        0x4 ./gecko_sdk_4.4.5/platform/service/sleeptimer/src/sl_sleeptimer.o
 .bss.timer_head
                0x0000000020001038        0x4 ./gecko_sdk_4.4.5/platform/service/sleeptimer/src/sl_sleeptimer.o
 .bss.timer_frequency
                0x000000002000103c        0x4 ./gecko_sdk_4.4.5/platform/service/sleeptimer/src/sl_sleeptimer.o
 .bss.compare_value_32
                0x0000000020001040        0x4 ./gecko_sdk_4.4.5/platform/service/sleeptimer/src/sl_sleeptimer_hal_rtc.o
 .bss.timer     0x0000000020001044       0x20 ./scr/blink.o
                0x0000000020001044                timer
 .bss.__stdio_exit_handler
                0x0000000020001064        0x4 /Applications/Simplicity Studio.app/Contents/Eclipse/developer/toolchains/gnu_arm/12.2.rel1_2023.7/bin/../lib/gcc/arm-none-eabi/12.2.1/../../../../arm-none-eabi/lib/thumb/v7-m/nofp/libc_nano.a(libc_a-findfp.o)
                0x0000000020001064                __stdio_exit_handler
 .bss.overflow_counter
                0x0000000020001068        0x2 ./gecko_sdk_4.4.5/platform/service/sleeptimer/src/sl_sleeptimer.o
 .bss.completed.1
                0x000000002000106a        0x1 /Applications/Simplicity Studio.app/Contents/Eclipse/developer/toolchains/gnu_arm/12.2.rel1_2023.7/bin/../lib/gcc/arm-none-eabi/12.2.1/thumb/v7-m/nofp/crtbegin.o
 .bss.sleep_on_isr_exit
                0x000000002000106b        0x1 ./gecko_sdk_4.4.5/platform/service/sleeptimer/src/sl_sleeptimer.o
 .bss.next_timer_to_expire_is_power_manager
                0x000000002000106c        0x1 ./gecko_sdk_4.4.5/platform/service/sleeptimer/src/sl_sleeptimer.o
 .bss.is_sleeptimer_initialized
                0x000000002000106d        0x1 ./gecko_sdk_4.4.5/platform/service/sleeptimer/src/sl_sleeptimer.o
 .bss.rtc_overflow_count
                0x000000002000106e        0x1 ./gecko_sdk_4.4.5/platform/service/sleeptimer/src/sl_sleeptimer_hal_rtc.o
 .bss.toggle_timeout
                0x000000002000106f        0x1 ./scr/blink.o
                0x000000002000106f                toggle_timeout
 *(COMMON)
                0x0000000020001070                . = ALIGN (0x4)
                0x0000000020001070                __bss_end__ = .
                0x0000000020001070                __ramfuncs_start__ = .
                0x0000000020001070                __vma_ramfuncs_start__ = .
                0x0000000000001ed4                __lma_ramfuncs_start__ = (__etext + SIZEOF (.data))
                0x0000000000000000                __text_application_ram_offset__ = (. - __vma_ramfuncs_start__)

text_application_ram
                0x0000000020001070        0x0 load address 0x0000000000001ed4
                0x0000000020001070                . = ALIGN (0x4)
                0x0000000020001070                __text_application_ram_start__ = .
 *(text_application_ram)
                0x0000000020001070                . = ALIGN (0x4)
                0x0000000020001070                __text_application_ram_end__ = .
                0x0000000020001070                . = ALIGN (0x4)
                0x0000000020001070                __vma_ramfuncs_end__ = .
                0x0000000000001ed4                __lma_ramfuncs_end__ = ((__lma_ramfuncs_start__ + __text_application_ram_offset__) + SIZEOF (text_application_ram))
                0x0000000020001070                __ramfuncs_end__ = .

.heap           0x0000000020001070      0x800
                0x0000000020001070                __HeapBase = .
                0x0000000020001070                __end__ = .
                0x0000000020001070                end = __end__
                0x0000000020001070                _end = __end__
 *(.heap*)
 .heap          0x0000000020001070      0x800 ./gecko_sdk_4.4.5/platform/common/toolchain/src/sl_memory.o
                0x0000000020020000                __HeapLimit = (ORIGIN (RAM) + LENGTH (RAM))
                0x000000000001ef90                __heap_size = (__HeapLimit - __HeapBase)
                0x0000000020020000                __ram_end__ = 0x20020000
                0x0000000000100000                __main_flash_end__ = 0x100000

.internal_storage
 *(.internal_storage*)

.nvm
 *(.simee*)
                0x0000000000100000                linker_nvm_end = __main_flash_end__
                0x0000000000100000                linker_nvm_begin = (linker_nvm_end - SIZEOF (.nvm))
                0x0000000000000000                linker_nvm_size = SIZEOF (.nvm)
                0x0000000000100000                linker_storage_end = linker_nvm_begin
                0x0000000000100000                __nvm3Base = linker_nvm_begin
                0x0000000000100000                linker_storage_begin = (linker_storage_end - SIZEOF (.internal_storage))
                0x0000000000000000                linker_storage_size = SIZEOF (.internal_storage)
                0x0000000000000001                ASSERT ((linker_storage_begin >= (__etext + SIZEOF (.data))), FLASH memory overflowed !)
OUTPUT(MCU.axf elf32-littlearm)
LOAD linker stubs

.ARM.attributes
                0x0000000000000000       0x29
 .ARM.attributes
                0x0000000000000000       0x1d /Applications/Simplicity Studio.app/Contents/Eclipse/developer/toolchains/gnu_arm/12.2.rel1_2023.7/bin/../lib/gcc/arm-none-eabi/12.2.1/thumb/v7-m/nofp/crti.o
 .ARM.attributes
                0x000000000000001d       0x2d /Applications/Simplicity Studio.app/Contents/Eclipse/developer/toolchains/gnu_arm/12.2.rel1_2023.7/bin/../lib/gcc/arm-none-eabi/12.2.1/thumb/v7-m/nofp/crtbegin.o
 .ARM.attributes
                0x000000000000004a       0x1b /Applications/Simplicity Studio.app/Contents/Eclipse/developer/toolchains/gnu_arm/12.2.rel1_2023.7/bin/../lib/gcc/arm-none-eabi/12.2.1/../../../../arm-none-eabi/lib/thumb/v7-m/nofp/crt0.o
 .ARM.attributes
                0x0000000000000065       0x2d ./autogen/sl_device_init_clocks.o
 .ARM.attributes
                0x0000000000000092       0x2d ./autogen/sl_event_handler.o
 .ARM.attributes
                0x00000000000000bf       0x2d ./autogen/sl_simple_led_instances.o
 .ARM.attributes
                0x00000000000000ec       0x2d ./gecko_sdk_4.4.5/platform/Device/SiliconLabs/EFM32GG/Source/startup_efm32gg.o
 .ARM.attributes
                0x0000000000000119       0x2d ./gecko_sdk_4.4.5/platform/Device/SiliconLabs/EFM32GG/Source/system_efm32gg.o
 .ARM.attributes
                0x0000000000000146       0x2d ./gecko_sdk_4.4.5/platform/common/src/sl_assert.o
 .ARM.attributes
                0x0000000000000173       0x2d ./gecko_sdk_4.4.5/platform/common/src/sl_syscalls.o
 .ARM.attributes
                0x00000000000001a0       0x2d ./gecko_sdk_4.4.5/platform/common/toolchain/src/sl_memory.o
 .ARM.attributes
                0x00000000000001cd       0x2d ./gecko_sdk_4.4.5/platform/driver/leddrv/src/sl_led.o
 .ARM.attributes
                0x00000000000001fa       0x2d ./gecko_sdk_4.4.5/platform/driver/leddrv/src/sl_simple_led.o
 .ARM.attributes
                0x0000000000000227       0x2d ./gecko_sdk_4.4.5/platform/emlib/src/em_cmu.o
 .ARM.attributes
                0x0000000000000254       0x2d ./gecko_sdk_4.4.5/platform/emlib/src/em_core.o
 .ARM.attributes
                0x0000000000000281       0x2d ./gecko_sdk_4.4.5/platform/emlib/src/em_emu.o
 .ARM.attributes
                0x00000000000002ae       0x2d ./gecko_sdk_4.4.5/platform/emlib/src/em_gpio.o
 .ARM.attributes
                0x00000000000002db       0x2d ./gecko_sdk_4.4.5/platform/emlib/src/em_rtc.o
 .ARM.attributes
                0x0000000000000308       0x2d ./gecko_sdk_4.4.5/platform/emlib/src/em_system.o
 .ARM.attributes
                0x0000000000000335       0x2d ./gecko_sdk_4.4.5/platform/service/device_init/src/sl_device_init_emu_s0.o
 .ARM.attributes
                0x0000000000000362       0x2d ./gecko_sdk_4.4.5/platform/service/device_init/src/sl_device_init_nvic.o
 .ARM.attributes
                0x000000000000038f       0x2d ./gecko_sdk_4.4.5/platform/service/sleeptimer/src/sl_sleeptimer.o
 .ARM.attributes
                0x00000000000003bc       0x2d ./gecko_sdk_4.4.5/platform/service/sleeptimer/src/sl_sleeptimer_hal_rtc.o
 .ARM.attributes
                0x00000000000003e9       0x2d ./gecko_sdk_4.4.5/platform/service/system/src/sl_system_init.o
 .ARM.attributes
                0x0000000000000416       0x2d ./gecko_sdk_4.4.5/platform/service/system/src/sl_system_process_action.o
 .ARM.attributes
                0x0000000000000443       0x2d ./scr/app.o
 .ARM.attributes
                0x0000000000000470       0x2d ./scr/blink.o
 .ARM.attributes
                0x000000000000049d       0x2d ./scr/main.o
 .ARM.attributes
                0x00000000000004ca       0x1d /Applications/Simplicity Studio.app/Contents/Eclipse/developer/toolchains/gnu_arm/12.2.rel1_2023.7/bin/../lib/gcc/arm-none-eabi/12.2.1/thumb/v7-m/nofp/libgcc.a(_aeabi_uldivmod.o)
 .ARM.attributes
                0x00000000000004e7       0x2d /Applications/Simplicity Studio.app/Contents/Eclipse/developer/toolchains/gnu_arm/12.2.rel1_2023.7/bin/../lib/gcc/arm-none-eabi/12.2.1/thumb/v7-m/nofp/libgcc.a(_udivmoddi4.o)
 .ARM.attributes
                0x0000000000000514       0x1d /Applications/Simplicity Studio.app/Contents/Eclipse/developer/toolchains/gnu_arm/12.2.rel1_2023.7/bin/../lib/gcc/arm-none-eabi/12.2.1/thumb/v7-m/nofp/libgcc.a(_dvmd_tls.o)
 .ARM.attributes
                0x0000000000000531       0x2d /Applications/Simplicity Studio.app/Contents/Eclipse/developer/toolchains/gnu_arm/12.2.rel1_2023.7/bin/../lib/gcc/arm-none-eabi/12.2.1/../../../../arm-none-eabi/lib/thumb/v7-m/nofp/libc_nano.a(libc_a-exit.o)
 .ARM.attributes
                0x000000000000055e       0x2d /Applications/Simplicity Studio.app/Contents/Eclipse/developer/toolchains/gnu_arm/12.2.rel1_2023.7/bin/../lib/gcc/arm-none-eabi/12.2.1/../../../../arm-none-eabi/lib/thumb/v7-m/nofp/libc_nano.a(libc_a-findfp.o)
 .ARM.attributes
                0x000000000000058b       0x2d /Applications/Simplicity Studio.app/Contents/Eclipse/developer/toolchains/gnu_arm/12.2.rel1_2023.7/bin/../lib/gcc/arm-none-eabi/12.2.1/../../../../arm-none-eabi/lib/thumb/v7-m/nofp/libc_nano.a(libc_a-memset.o)
 .ARM.attributes
                0x00000000000005b8       0x2d /Applications/Simplicity Studio.app/Contents/Eclipse/developer/toolchains/gnu_arm/12.2.rel1_2023.7/bin/../lib/gcc/arm-none-eabi/12.2.1/../../../../arm-none-eabi/lib/thumb/v7-m/nofp/libc_nano.a(libc_a-init.o)
 .ARM.attributes
                0x00000000000005e5       0x2d /Applications/Simplicity Studio.app/Contents/Eclipse/developer/toolchains/gnu_arm/12.2.rel1_2023.7/bin/../lib/gcc/arm-none-eabi/12.2.1/thumb/v7-m/nofp/crtend.o
 .ARM.attributes
                0x0000000000000612       0x1d /Applications/Simplicity Studio.app/Contents/Eclipse/developer/toolchains/gnu_arm/12.2.rel1_2023.7/bin/../lib/gcc/arm-none-eabi/12.2.1/thumb/v7-m/nofp/crtn.o

.comment        0x0000000000000000       0x40
 .comment       0x0000000000000000       0x40 ./autogen/sl_device_init_clocks.o
                                         0x41 (size before relaxing)
 .comment       0x0000000000000040       0x41 ./autogen/sl_event_handler.o
 .comment       0x0000000000000040       0x41 ./autogen/sl_simple_led_instances.o
 .comment       0x0000000000000040       0x41 ./gecko_sdk_4.4.5/platform/Device/SiliconLabs/EFM32GG/Source/startup_efm32gg.o
 .comment       0x0000000000000040       0x41 ./gecko_sdk_4.4.5/platform/Device/SiliconLabs/EFM32GG/Source/system_efm32gg.o
 .comment       0x0000000000000040       0x41 ./gecko_sdk_4.4.5/platform/common/src/sl_assert.o
 .comment       0x0000000000000040       0x41 ./gecko_sdk_4.4.5/platform/common/src/sl_syscalls.o
 .comment       0x0000000000000040       0x41 ./gecko_sdk_4.4.5/platform/common/toolchain/src/sl_memory.o
 .comment       0x0000000000000040       0x41 ./gecko_sdk_4.4.5/platform/driver/leddrv/src/sl_led.o
 .comment       0x0000000000000040       0x41 ./gecko_sdk_4.4.5/platform/driver/leddrv/src/sl_simple_led.o
 .comment       0x0000000000000040       0x41 ./gecko_sdk_4.4.5/platform/emlib/src/em_cmu.o
 .comment       0x0000000000000040       0x41 ./gecko_sdk_4.4.5/platform/emlib/src/em_core.o
 .comment       0x0000000000000040       0x41 ./gecko_sdk_4.4.5/platform/emlib/src/em_emu.o
 .comment       0x0000000000000040       0x41 ./gecko_sdk_4.4.5/platform/emlib/src/em_gpio.o
 .comment       0x0000000000000040       0x41 ./gecko_sdk_4.4.5/platform/emlib/src/em_rtc.o
 .comment       0x0000000000000040       0x41 ./gecko_sdk_4.4.5/platform/emlib/src/em_system.o
 .comment       0x0000000000000040       0x41 ./gecko_sdk_4.4.5/platform/service/device_init/src/sl_device_init_emu_s0.o
 .comment       0x0000000000000040       0x41 ./gecko_sdk_4.4.5/platform/service/device_init/src/sl_device_init_nvic.o
 .comment       0x0000000000000040       0x41 ./gecko_sdk_4.4.5/platform/service/sleeptimer/src/sl_sleeptimer.o
 .comment       0x0000000000000040       0x41 ./gecko_sdk_4.4.5/platform/service/sleeptimer/src/sl_sleeptimer_hal_rtc.o
 .comment       0x0000000000000040       0x41 ./gecko_sdk_4.4.5/platform/service/system/src/sl_system_init.o
 .comment       0x0000000000000040       0x41 ./gecko_sdk_4.4.5/platform/service/system/src/sl_system_process_action.o
 .comment       0x0000000000000040       0x41 ./scr/app.o
 .comment       0x0000000000000040       0x41 ./scr/blink.o
 .comment       0x0000000000000040       0x41 ./scr/main.o

.debug_line_str
                0x0000000000000000      0x1c2
 .debug_line_str
                0x0000000000000000       0xe8 /Applications/Simplicity Studio.app/Contents/Eclipse/developer/toolchains/gnu_arm/12.2.rel1_2023.7/bin/../lib/gcc/arm-none-eabi/12.2.1/../../../../arm-none-eabi/lib/thumb/v7-m/nofp/crt0.o
 .debug_line_str
                0x00000000000000e8       0xce /Applications/Simplicity Studio.app/Contents/Eclipse/developer/toolchains/gnu_arm/12.2.rel1_2023.7/bin/../lib/gcc/arm-none-eabi/12.2.1/thumb/v7-m/nofp/libgcc.a(_aeabi_uldivmod.o)
 .debug_line_str
                0x00000000000001b6        0xc /Applications/Simplicity Studio.app/Contents/Eclipse/developer/toolchains/gnu_arm/12.2.rel1_2023.7/bin/../lib/gcc/arm-none-eabi/12.2.1/thumb/v7-m/nofp/libgcc.a(_dvmd_tls.o)
                                         0xd2 (size before relaxing)

.debug_info     0x0000000000000000     0xca5a
 .debug_info    0x0000000000000000      0x56c ./autogen/sl_device_init_clocks.o
 .debug_info    0x000000000000056c      0x411 ./autogen/sl_event_handler.o
 .debug_info    0x000000000000097d      0x306 ./autogen/sl_simple_led_instances.o
 .debug_info    0x0000000000000c83      0x321 ./gecko_sdk_4.4.5/platform/Device/SiliconLabs/EFM32GG/Source/startup_efm32gg.o
 .debug_info    0x0000000000000fa4      0x84b ./gecko_sdk_4.4.5/platform/Device/SiliconLabs/EFM32GG/Source/system_efm32gg.o
 .debug_info    0x00000000000017ef       0x86 ./gecko_sdk_4.4.5/platform/common/src/sl_assert.o
 .debug_info    0x0000000000001875      0x306 ./gecko_sdk_4.4.5/platform/common/src/sl_syscalls.o
 .debug_info    0x0000000000001b7b      0x205 ./gecko_sdk_4.4.5/platform/common/toolchain/src/sl_memory.o
 .debug_info    0x0000000000001d80      0x25e ./gecko_sdk_4.4.5/platform/driver/leddrv/src/sl_led.o
 .debug_info    0x0000000000001fde      0x977 ./gecko_sdk_4.4.5/platform/driver/leddrv/src/sl_simple_led.o
 .debug_info    0x0000000000002955     0x2cad ./gecko_sdk_4.4.5/platform/emlib/src/em_cmu.o
 .debug_info    0x0000000000005602     0x114e ./gecko_sdk_4.4.5/platform/emlib/src/em_core.o
 .debug_info    0x0000000000006750     0x16d5 ./gecko_sdk_4.4.5/platform/emlib/src/em_emu.o
 .debug_info    0x0000000000007e25      0xaa9 ./gecko_sdk_4.4.5/platform/emlib/src/em_gpio.o
 .debug_info    0x00000000000088ce      0x50d ./gecko_sdk_4.4.5/platform/emlib/src/em_rtc.o
 .debug_info    0x0000000000008ddb      0x67f ./gecko_sdk_4.4.5/platform/emlib/src/em_system.o
 .debug_info    0x000000000000945a      0x18d ./gecko_sdk_4.4.5/platform/service/device_init/src/sl_device_init_emu_s0.o
 .debug_info    0x00000000000095e7      0x59b ./gecko_sdk_4.4.5/platform/service/device_init/src/sl_device_init_nvic.o
 .debug_info    0x0000000000009b82     0x1a5f ./gecko_sdk_4.4.5/platform/service/sleeptimer/src/sl_sleeptimer.o
 .debug_info    0x000000000000b5e1      0xe6b ./gecko_sdk_4.4.5/platform/service/sleeptimer/src/sl_sleeptimer_hal_rtc.o
 .debug_info    0x000000000000c44c       0xa7 ./gecko_sdk_4.4.5/platform/service/system/src/sl_system_init.o
 .debug_info    0x000000000000c4f3       0x93 ./gecko_sdk_4.4.5/platform/service/system/src/sl_system_process_action.o
 .debug_info    0x000000000000c586       0x92 ./scr/app.o
 .debug_info    0x000000000000c618      0x39e ./scr/blink.o
 .debug_info    0x000000000000c9b6       0xa4 ./scr/main.o

.debug_abbrev   0x0000000000000000     0x31e2
 .debug_abbrev  0x0000000000000000      0x13c ./autogen/sl_device_init_clocks.o
 .debug_abbrev  0x000000000000013c      0x1f3 ./autogen/sl_event_handler.o
 .debug_abbrev  0x000000000000032f      0x150 ./autogen/sl_simple_led_instances.o
 .debug_abbrev  0x000000000000047f      0x1c8 ./gecko_sdk_4.4.5/platform/Device/SiliconLabs/EFM32GG/Source/startup_efm32gg.o
 .debug_abbrev  0x0000000000000647      0x246 ./gecko_sdk_4.4.5/platform/Device/SiliconLabs/EFM32GG/Source/system_efm32gg.o
 .debug_abbrev  0x000000000000088d       0x6c ./gecko_sdk_4.4.5/platform/common/src/sl_assert.o
 .debug_abbrev  0x00000000000008f9      0x143 ./gecko_sdk_4.4.5/platform/common/src/sl_syscalls.o
 .debug_abbrev  0x0000000000000a3c      0x11e ./gecko_sdk_4.4.5/platform/common/toolchain/src/sl_memory.o
 .debug_abbrev  0x0000000000000b5a       0xfd ./gecko_sdk_4.4.5/platform/driver/leddrv/src/sl_led.o
 .debug_abbrev  0x0000000000000c57      0x2eb ./gecko_sdk_4.4.5/platform/driver/leddrv/src/sl_simple_led.o
 .debug_abbrev  0x0000000000000f42      0x4e3 ./gecko_sdk_4.4.5/platform/emlib/src/em_cmu.o
 .debug_abbrev  0x0000000000001425      0x33e ./gecko_sdk_4.4.5/platform/emlib/src/em_core.o
 .debug_abbrev  0x0000000000001763      0x460 ./gecko_sdk_4.4.5/platform/emlib/src/em_emu.o
 .debug_abbrev  0x0000000000001bc3      0x2f6 ./gecko_sdk_4.4.5/platform/emlib/src/em_gpio.o
 .debug_abbrev  0x0000000000001eb9      0x26e ./gecko_sdk_4.4.5/platform/emlib/src/em_rtc.o
 .debug_abbrev  0x0000000000002127      0x27a ./gecko_sdk_4.4.5/platform/emlib/src/em_system.o
 .debug_abbrev  0x00000000000023a1      0x107 ./gecko_sdk_4.4.5/platform/service/device_init/src/sl_device_init_emu_s0.o
 .debug_abbrev  0x00000000000024a8      0x15a ./gecko_sdk_4.4.5/platform/service/device_init/src/sl_device_init_nvic.o
 .debug_abbrev  0x0000000000002602      0x495 ./gecko_sdk_4.4.5/platform/service/sleeptimer/src/sl_sleeptimer.o
 .debug_abbrev  0x0000000000002a97      0x432 ./gecko_sdk_4.4.5/platform/service/sleeptimer/src/sl_sleeptimer_hal_rtc.o
 .debug_abbrev  0x0000000000002ec9       0x5c ./gecko_sdk_4.4.5/platform/service/system/src/sl_system_init.o
 .debug_abbrev  0x0000000000002f25       0x5c ./gecko_sdk_4.4.5/platform/service/system/src/sl_system_process_action.o
 .debug_abbrev  0x0000000000002f81       0x70 ./scr/app.o
 .debug_abbrev  0x0000000000002ff1      0x184 ./scr/blink.o
 .debug_abbrev  0x0000000000003175       0x6d ./scr/main.o

.debug_loc      0x0000000000000000     0x7037
 .debug_loc     0x0000000000000000       0x20 ./autogen/sl_device_init_clocks.o
 .debug_loc     0x0000000000000020       0x4d ./autogen/sl_event_handler.o
 .debug_loc     0x000000000000006d       0x8e ./gecko_sdk_4.4.5/platform/Device/SiliconLabs/EFM32GG/Source/startup_efm32gg.o
 .debug_loc     0x00000000000000fb       0xae ./gecko_sdk_4.4.5/platform/Device/SiliconLabs/EFM32GG/Source/system_efm32gg.o
 .debug_loc     0x00000000000001a9       0x2a ./gecko_sdk_4.4.5/platform/common/src/sl_assert.o
 .debug_loc     0x00000000000001d3      0x118 ./gecko_sdk_4.4.5/platform/common/src/sl_syscalls.o
 .debug_loc     0x00000000000002eb       0xa9 ./gecko_sdk_4.4.5/platform/common/toolchain/src/sl_memory.o
 .debug_loc     0x0000000000000394       0xb9 ./gecko_sdk_4.4.5/platform/driver/leddrv/src/sl_led.o
 .debug_loc     0x000000000000044d      0x3be ./gecko_sdk_4.4.5/platform/driver/leddrv/src/sl_simple_led.o
 .debug_loc     0x000000000000080b     0x28e5 ./gecko_sdk_4.4.5/platform/emlib/src/em_cmu.o
 .debug_loc     0x00000000000030f0      0x926 ./gecko_sdk_4.4.5/platform/emlib/src/em_core.o
 .debug_loc     0x0000000000003a16      0x892 ./gecko_sdk_4.4.5/platform/emlib/src/em_emu.o
 .debug_loc     0x00000000000042a8      0x94d ./gecko_sdk_4.4.5/platform/emlib/src/em_gpio.o
 .debug_loc     0x0000000000004bf5      0x2c3 ./gecko_sdk_4.4.5/platform/emlib/src/em_rtc.o
 .debug_loc     0x0000000000004eb8      0x17f ./gecko_sdk_4.4.5/platform/emlib/src/em_system.o
 .debug_loc     0x0000000000005037       0x2c ./gecko_sdk_4.4.5/platform/service/device_init/src/sl_device_init_emu_s0.o
 .debug_loc     0x0000000000005063       0x79 ./gecko_sdk_4.4.5/platform/service/device_init/src/sl_device_init_nvic.o
 .debug_loc     0x00000000000050dc     0x1982 ./gecko_sdk_4.4.5/platform/service/sleeptimer/src/sl_sleeptimer.o
 .debug_loc     0x0000000000006a5e      0x515 ./gecko_sdk_4.4.5/platform/service/sleeptimer/src/sl_sleeptimer_hal_rtc.o
 .debug_loc     0x0000000000006f73       0x2c ./gecko_sdk_4.4.5/platform/service/system/src/sl_system_init.o
 .debug_loc     0x0000000000006f9f       0x2c ./gecko_sdk_4.4.5/platform/service/system/src/sl_system_process_action.o
 .debug_loc     0x0000000000006fcb       0x4c ./scr/blink.o
 .debug_loc     0x0000000000007017       0x20 ./scr/main.o

.debug_aranges  0x0000000000000000      0x988
 .debug_aranges
                0x0000000000000000       0x20 ./autogen/sl_device_init_clocks.o
 .debug_aranges
                0x0000000000000020       0x60 ./autogen/sl_event_handler.o
 .debug_aranges
                0x0000000000000080       0x20 ./autogen/sl_simple_led_instances.o
 .debug_aranges
                0x00000000000000a0       0x28 ./gecko_sdk_4.4.5/platform/Device/SiliconLabs/EFM32GG/Source/startup_efm32gg.o
 .debug_aranges
                0x00000000000000c8       0x68 ./gecko_sdk_4.4.5/platform/Device/SiliconLabs/EFM32GG/Source/system_efm32gg.o
 .debug_aranges
                0x0000000000000130       0x20 ./gecko_sdk_4.4.5/platform/common/src/sl_assert.o
 .debug_aranges
                0x0000000000000150       0x68 ./gecko_sdk_4.4.5/platform/common/src/sl_syscalls.o
 .debug_aranges
                0x00000000000001b8       0x30 ./gecko_sdk_4.4.5/platform/common/toolchain/src/sl_memory.o
 .debug_aranges
                0x00000000000001e8       0x40 ./gecko_sdk_4.4.5/platform/driver/leddrv/src/sl_led.o
 .debug_aranges
                0x0000000000000228       0x50 ./gecko_sdk_4.4.5/platform/driver/leddrv/src/sl_simple_led.o
 .debug_aranges
                0x0000000000000278      0x180 ./gecko_sdk_4.4.5/platform/emlib/src/em_cmu.o
 .debug_aranges
                0x00000000000003f8       0xe8 ./gecko_sdk_4.4.5/platform/emlib/src/em_core.o
 .debug_aranges
                0x00000000000004e0       0xe8 ./gecko_sdk_4.4.5/platform/emlib/src/em_emu.o
 .debug_aranges
                0x00000000000005c8       0x60 ./gecko_sdk_4.4.5/platform/emlib/src/em_gpio.o
 .debug_aranges
                0x0000000000000628       0x50 ./gecko_sdk_4.4.5/platform/emlib/src/em_rtc.o
 .debug_aranges
                0x0000000000000678       0x78 ./gecko_sdk_4.4.5/platform/emlib/src/em_system.o
 .debug_aranges
                0x00000000000006f0       0x20 ./gecko_sdk_4.4.5/platform/service/device_init/src/sl_device_init_emu_s0.o
 .debug_aranges
                0x0000000000000710       0x20 ./gecko_sdk_4.4.5/platform/service/device_init/src/sl_device_init_nvic.o
 .debug_aranges
                0x0000000000000730      0x120 ./gecko_sdk_4.4.5/platform/service/sleeptimer/src/sl_sleeptimer.o
 .debug_aranges
                0x0000000000000850       0x80 ./gecko_sdk_4.4.5/platform/service/sleeptimer/src/sl_sleeptimer_hal_rtc.o
 .debug_aranges
                0x00000000000008d0       0x20 ./gecko_sdk_4.4.5/platform/service/system/src/sl_system_init.o
 .debug_aranges
                0x00000000000008f0       0x20 ./gecko_sdk_4.4.5/platform/service/system/src/sl_system_process_action.o
 .debug_aranges
                0x0000000000000910       0x28 ./scr/app.o
 .debug_aranges
                0x0000000000000938       0x30 ./scr/blink.o
 .debug_aranges
                0x0000000000000968       0x20 ./scr/main.o

.debug_ranges   0x0000000000000000      0xe48
 .debug_ranges  0x0000000000000000       0x10 ./autogen/sl_device_init_clocks.o
 .debug_ranges  0x0000000000000010       0x50 ./autogen/sl_event_handler.o
 .debug_ranges  0x0000000000000060       0x10 ./autogen/sl_simple_led_instances.o
 .debug_ranges  0x0000000000000070       0x80 ./gecko_sdk_4.4.5/platform/Device/SiliconLabs/EFM32GG/Source/startup_efm32gg.o
 .debug_ranges  0x00000000000000f0       0x88 ./gecko_sdk_4.4.5/platform/Device/SiliconLabs/EFM32GG/Source/system_efm32gg.o
 .debug_ranges  0x0000000000000178       0x10 ./gecko_sdk_4.4.5/platform/common/src/sl_assert.o
 .debug_ranges  0x0000000000000188       0x58 ./gecko_sdk_4.4.5/platform/common/src/sl_syscalls.o
 .debug_ranges  0x00000000000001e0       0x20 ./gecko_sdk_4.4.5/platform/common/toolchain/src/sl_memory.o
 .debug_ranges  0x0000000000000200       0x30 ./gecko_sdk_4.4.5/platform/driver/leddrv/src/sl_led.o
 .debug_ranges  0x0000000000000230       0x58 ./gecko_sdk_4.4.5/platform/driver/leddrv/src/sl_simple_led.o
 .debug_ranges  0x0000000000000288      0x2b8 ./gecko_sdk_4.4.5/platform/emlib/src/em_cmu.o
 .debug_ranges  0x0000000000000540      0x1a0 ./gecko_sdk_4.4.5/platform/emlib/src/em_core.o
 .debug_ranges  0x00000000000006e0      0x1d0 ./gecko_sdk_4.4.5/platform/emlib/src/em_emu.o
 .debug_ranges  0x00000000000008b0      0x120 ./gecko_sdk_4.4.5/platform/emlib/src/em_gpio.o
 .debug_ranges  0x00000000000009d0       0x40 ./gecko_sdk_4.4.5/platform/emlib/src/em_rtc.o
 .debug_ranges  0x0000000000000a10       0x68 ./gecko_sdk_4.4.5/platform/emlib/src/em_system.o
 .debug_ranges  0x0000000000000a78       0x10 ./gecko_sdk_4.4.5/platform/service/device_init/src/sl_device_init_emu_s0.o
 .debug_ranges  0x0000000000000a88       0x58 ./gecko_sdk_4.4.5/platform/service/device_init/src/sl_device_init_nvic.o
 .debug_ranges  0x0000000000000ae0      0x1a0 ./gecko_sdk_4.4.5/platform/service/sleeptimer/src/sl_sleeptimer.o
 .debug_ranges  0x0000000000000c80      0x160 ./gecko_sdk_4.4.5/platform/service/sleeptimer/src/sl_sleeptimer_hal_rtc.o
 .debug_ranges  0x0000000000000de0       0x10 ./gecko_sdk_4.4.5/platform/service/system/src/sl_system_init.o
 .debug_ranges  0x0000000000000df0       0x10 ./gecko_sdk_4.4.5/platform/service/system/src/sl_system_process_action.o
 .debug_ranges  0x0000000000000e00       0x18 ./scr/app.o
 .debug_ranges  0x0000000000000e18       0x20 ./scr/blink.o
 .debug_ranges  0x0000000000000e38       0x10 ./scr/main.o

.debug_line     0x0000000000000000     0x8afc
 .debug_line    0x0000000000000000      0x2cf ./autogen/sl_device_init_clocks.o
 .debug_line    0x00000000000002cf      0x4c2 ./autogen/sl_event_handler.o
 .debug_line    0x0000000000000791      0x297 ./autogen/sl_simple_led_instances.o
 .debug_line    0x0000000000000a28      0x323 ./gecko_sdk_4.4.5/platform/Device/SiliconLabs/EFM32GG/Source/startup_efm32gg.o
 .debug_line    0x0000000000000d4b      0x498 ./gecko_sdk_4.4.5/platform/Device/SiliconLabs/EFM32GG/Source/system_efm32gg.o
 .debug_line    0x00000000000011e3       0xa7 ./gecko_sdk_4.4.5/platform/common/src/sl_assert.o
 .debug_line    0x000000000000128a      0x1a7 ./gecko_sdk_4.4.5/platform/common/src/sl_syscalls.o
 .debug_line    0x0000000000001431      0x32d ./gecko_sdk_4.4.5/platform/common/toolchain/src/sl_memory.o
 .debug_line    0x000000000000175e      0x2d1 ./gecko_sdk_4.4.5/platform/driver/leddrv/src/sl_led.o
 .debug_line    0x0000000000001a2f      0x539 ./gecko_sdk_4.4.5/platform/driver/leddrv/src/sl_simple_led.o
 .debug_line    0x0000000000001f68     0x1caf ./gecko_sdk_4.4.5/platform/emlib/src/em_cmu.o
 .debug_line    0x0000000000003c17      0xa9f ./gecko_sdk_4.4.5/platform/emlib/src/em_core.o
 .debug_line    0x00000000000046b6      0xc5a ./gecko_sdk_4.4.5/platform/emlib/src/em_emu.o
 .debug_line    0x0000000000005310      0x752 ./gecko_sdk_4.4.5/platform/emlib/src/em_gpio.o
 .debug_line    0x0000000000005a62      0x4d1 ./gecko_sdk_4.4.5/platform/emlib/src/em_rtc.o
 .debug_line    0x0000000000005f33      0x520 ./gecko_sdk_4.4.5/platform/emlib/src/em_system.o
 .debug_line    0x0000000000006453      0x282 ./gecko_sdk_4.4.5/platform/service/device_init/src/sl_device_init_emu_s0.o
 .debug_line    0x00000000000066d5      0x36c ./gecko_sdk_4.4.5/platform/service/device_init/src/sl_device_init_nvic.o
 .debug_line    0x0000000000006a41     0x1100 ./gecko_sdk_4.4.5/platform/service/sleeptimer/src/sl_sleeptimer.o
 .debug_line    0x0000000000007b41      0x8ac ./gecko_sdk_4.4.5/platform/service/sleeptimer/src/sl_sleeptimer_hal_rtc.o
 .debug_line    0x00000000000083ed       0xf4 ./gecko_sdk_4.4.5/platform/service/system/src/sl_system_init.o
 .debug_line    0x00000000000084e1       0xfd ./gecko_sdk_4.4.5/platform/service/system/src/sl_system_process_action.o
 .debug_line    0x00000000000085de       0xa3 ./scr/app.o
 .debug_line    0x0000000000008681      0x334 ./scr/blink.o
 .debug_line    0x00000000000089b5      0x147 ./scr/main.o

.debug_str      0x0000000000000000     0x3a7f
 .debug_str     0x0000000000000000      0x5ac ./autogen/sl_device_init_clocks.o
                                        0x605 (size before relaxing)
 .debug_str     0x00000000000005ac      0x202 ./autogen/sl_event_handler.o
                                        0x40a (size before relaxing)
 .debug_str     0x00000000000007ae      0x17e ./autogen/sl_simple_led_instances.o
                                        0x396 (size before relaxing)
 .debug_str     0x000000000000092c      0x167 ./gecko_sdk_4.4.5/platform/Device/SiliconLabs/EFM32GG/Source/startup_efm32gg.o
                                        0x313 (size before relaxing)
 .debug_str     0x0000000000000a93      0x21c ./gecko_sdk_4.4.5/platform/Device/SiliconLabs/EFM32GG/Source/system_efm32gg.o
                                        0x553 (size before relaxing)
 .debug_str     0x0000000000000caf       0x69 ./gecko_sdk_4.4.5/platform/common/src/sl_assert.o
                                        0x17b (size before relaxing)
 .debug_str     0x0000000000000d18       0xb5 ./gecko_sdk_4.4.5/platform/common/src/sl_syscalls.o
                                        0x25b (size before relaxing)
 .debug_str     0x0000000000000dcd      0x105 ./gecko_sdk_4.4.5/platform/common/toolchain/src/sl_memory.o
                                        0x2b5 (size before relaxing)
 .debug_str     0x0000000000000ed2       0xa2 ./gecko_sdk_4.4.5/platform/driver/leddrv/src/sl_led.o
                                        0x2b8 (size before relaxing)
 .debug_str     0x0000000000000f74      0x2ef ./gecko_sdk_4.4.5/platform/driver/leddrv/src/sl_simple_led.o
                                        0x803 (size before relaxing)
 .debug_str     0x0000000000001263      0xb4f ./gecko_sdk_4.4.5/platform/emlib/src/em_cmu.o
                                       0x12fa (size before relaxing)
 .debug_str     0x0000000000001db2      0x58a ./gecko_sdk_4.4.5/platform/emlib/src/em_core.o
                                        0x854 (size before relaxing)
 .debug_str     0x000000000000233c      0x528 ./gecko_sdk_4.4.5/platform/emlib/src/em_emu.o
                                        0xd7c (size before relaxing)
 .debug_str     0x0000000000002864      0x12a ./gecko_sdk_4.4.5/platform/emlib/src/em_gpio.o
                                        0x603 (size before relaxing)
 .debug_str     0x000000000000298e       0xf7 ./gecko_sdk_4.4.5/platform/emlib/src/em_rtc.o
                                        0x2f7 (size before relaxing)
 .debug_str     0x0000000000002a85      0x222 ./gecko_sdk_4.4.5/platform/emlib/src/em_system.o
                                        0x747 (size before relaxing)
 .debug_str     0x0000000000002ca7       0x77 ./gecko_sdk_4.4.5/platform/service/device_init/src/sl_device_init_emu_s0.o
                                        0x2cc (size before relaxing)
 .debug_str     0x0000000000002d1e       0x88 ./gecko_sdk_4.4.5/platform/service/device_init/src/sl_device_init_nvic.o
                                        0x54a (size before relaxing)
 .debug_str     0x0000000000002da6      0x877 ./gecko_sdk_4.4.5/platform/service/sleeptimer/src/sl_sleeptimer.o
                                        0xbd8 (size before relaxing)
 .debug_str     0x000000000000361d      0x1a3 ./gecko_sdk_4.4.5/platform/service/sleeptimer/src/sl_sleeptimer_hal_rtc.o
                                        0xb0e (size before relaxing)
 .debug_str     0x00000000000037c0       0x71 ./gecko_sdk_4.4.5/platform/service/system/src/sl_system_init.o
                                        0x1d1 (size before relaxing)
 .debug_str     0x0000000000003831       0x85 ./gecko_sdk_4.4.5/platform/service/system/src/sl_system_process_action.o
                                        0x1fe (size before relaxing)
 .debug_str     0x00000000000038b6      0x15c ./scr/app.o
                                        0x1c5 (size before relaxing)
 .debug_str     0x0000000000003a12       0x58 ./scr/blink.o
                                        0x407 (size before relaxing)
 .debug_str     0x0000000000003a6a       0x15 ./scr/main.o
                                        0x1a9 (size before relaxing)

.debug_frame    0x0000000000000000     0x184c
 .debug_frame   0x0000000000000000       0x28 ./autogen/sl_device_init_clocks.o
 .debug_frame   0x0000000000000028       0xb0 ./autogen/sl_event_handler.o
 .debug_frame   0x00000000000000d8       0x20 ./autogen/sl_simple_led_instances.o
 .debug_frame   0x00000000000000f8       0x38 ./gecko_sdk_4.4.5/platform/Device/SiliconLabs/EFM32GG/Source/startup_efm32gg.o
 .debug_frame   0x0000000000000130       0xb8 ./gecko_sdk_4.4.5/platform/Device/SiliconLabs/EFM32GG/Source/system_efm32gg.o
 .debug_frame   0x00000000000001e8       0x20 ./gecko_sdk_4.4.5/platform/common/src/sl_assert.o
 .debug_frame   0x0000000000000208       0xb0 ./gecko_sdk_4.4.5/platform/common/src/sl_syscalls.o
 .debug_frame   0x00000000000002b8       0x40 ./gecko_sdk_4.4.5/platform/common/toolchain/src/sl_memory.o
 .debug_frame   0x00000000000002f8       0x60 ./gecko_sdk_4.4.5/platform/driver/leddrv/src/sl_led.o
 .debug_frame   0x0000000000000358       0xb8 ./gecko_sdk_4.4.5/platform/driver/leddrv/src/sl_simple_led.o
 .debug_frame   0x0000000000000410      0x4c0 ./gecko_sdk_4.4.5/platform/emlib/src/em_cmu.o
 .debug_frame   0x00000000000008d0      0x240 ./gecko_sdk_4.4.5/platform/emlib/src/em_core.o
 .debug_frame   0x0000000000000b10      0x24c ./gecko_sdk_4.4.5/platform/emlib/src/em_emu.o
 .debug_frame   0x0000000000000d5c      0x134 ./gecko_sdk_4.4.5/platform/emlib/src/em_gpio.o
 .debug_frame   0x0000000000000e90       0xa0 ./gecko_sdk_4.4.5/platform/emlib/src/em_rtc.o
 .debug_frame   0x0000000000000f30       0xe0 ./gecko_sdk_4.4.5/platform/emlib/src/em_system.o
 .debug_frame   0x0000000000001010       0x28 ./gecko_sdk_4.4.5/platform/service/device_init/src/sl_device_init_emu_s0.o
 .debug_frame   0x0000000000001038       0x28 ./gecko_sdk_4.4.5/platform/service/device_init/src/sl_device_init_nvic.o
 .debug_frame   0x0000000000001060      0x3ac ./gecko_sdk_4.4.5/platform/service/sleeptimer/src/sl_sleeptimer.o
 .debug_frame   0x000000000000140c      0x128 ./gecko_sdk_4.4.5/platform/service/sleeptimer/src/sl_sleeptimer_hal_rtc.o
 .debug_frame   0x0000000000001534       0x2c ./gecko_sdk_4.4.5/platform/service/system/src/sl_system_init.o
 .debug_frame   0x0000000000001560       0x2c ./gecko_sdk_4.4.5/platform/service/system/src/sl_system_process_action.o
 .debug_frame   0x000000000000158c       0x30 ./scr/app.o
 .debug_frame   0x00000000000015bc       0x50 ./scr/blink.o
 .debug_frame   0x000000000000160c       0x28 ./scr/main.o
 .debug_frame   0x0000000000001634       0x2c /Applications/Simplicity Studio.app/Contents/Eclipse/developer/toolchains/gnu_arm/12.2.rel1_2023.7/bin/../lib/gcc/arm-none-eabi/12.2.1/thumb/v7-m/nofp/libgcc.a(_aeabi_uldivmod.o)
 .debug_frame   0x0000000000001660       0x34 /Applications/Simplicity Studio.app/Contents/Eclipse/developer/toolchains/gnu_arm/12.2.rel1_2023.7/bin/../lib/gcc/arm-none-eabi/12.2.1/thumb/v7-m/nofp/libgcc.a(_udivmoddi4.o)
 .debug_frame   0x0000000000001694       0x28 /Applications/Simplicity Studio.app/Contents/Eclipse/developer/toolchains/gnu_arm/12.2.rel1_2023.7/bin/../lib/gcc/arm-none-eabi/12.2.1/../../../../arm-none-eabi/lib/thumb/v7-m/nofp/libc_nano.a(libc_a-exit.o)
 .debug_frame   0x00000000000016bc      0x144 /Applications/Simplicity Studio.app/Contents/Eclipse/developer/toolchains/gnu_arm/12.2.rel1_2023.7/bin/../lib/gcc/arm-none-eabi/12.2.1/../../../../arm-none-eabi/lib/thumb/v7-m/nofp/libc_nano.a(libc_a-findfp.o)
 .debug_frame   0x0000000000001800       0x20 /Applications/Simplicity Studio.app/Contents/Eclipse/developer/toolchains/gnu_arm/12.2.rel1_2023.7/bin/../lib/gcc/arm-none-eabi/12.2.1/../../../../arm-none-eabi/lib/thumb/v7-m/nofp/libc_nano.a(libc_a-memset.o)
 .debug_frame   0x0000000000001820       0x2c /Applications/Simplicity Studio.app/Contents/Eclipse/developer/toolchains/gnu_arm/12.2.rel1_2023.7/bin/../lib/gcc/arm-none-eabi/12.2.1/../../../../arm-none-eabi/lib/thumb/v7-m/nofp/libc_nano.a(libc_a-init.o)
